Oracle SQL Developer Data Modeler 24.3.1.351.0831
Oracle SQL Developer Data Modeler Log de Importación
Fecha y Hora: 2025-09-01 19:53:11 CLT
Nombre de Diseño: Sin título_1
RDBMS : Oracle Database 21c

		Todas las Sentencias: 		21
		Sentencias Importadas: 	20
		Sentencias Fallidas: 		0
		Sentencias No Reconocidas: 	1

<<<<< No Reconocido >>>>>
BEGIN
  EXECUTE IMMEDIATE 'DROP TABLE OCUPACION CASCADE CONSTRAINTS';
  EXECUTE IMMEDIATE 'DROP TABLE ANEXO CASCADE CONSTRAINTS';
  EXECUTE IMMEDIATE 'DROP TABLE RESIDENTE_PERMANENTE CASCADE CONSTRAINTS';
  EXECUTE IMMEDIATE 'DROP TABLE RESIDENTE_TEMPORAL CASCADE CONSTRAINTS';
  EXECUTE IMMEDIATE 'DROP TABLE RESIDENTE CASCADE CONSTRAINTS';
  EXECUTE IMMEDIATE 'DROP TABLE CONTRATO CASCADE CONSTRAINTS';
  EXECUTE IMMEDIATE 'DROP TABLE APODERADO CASCADE CONSTRAINTS';
  EXECUTE IMMEDIATE 'DROP TABLE MEDICO CASCADE CONSTRAINTS';
  EXECUTE IMMEDIATE 'DROP TABLE CUIDADOR CASCADE CONSTRAINTS';
  EXECUTE IMMEDIATE 'DROP TABLE PERSONAL CASCADE CONSTRAINTS';
  EXECUTE IMMEDIATE 'DROP TABLE HABITACION CASCADE CONSTRAINTS';
  EXECUTE IMMEDIATE 'DROP TABLE RESIDENCIA CASCADE CONSTRAINTS';
EXCEPTION
  WHEN OTHERS THEN NULL;
END

