Oracle SQL Developer Data Modeler 24.3.1.351.0831
Oracle SQL Developer Data Modeler Log de Importación
Fecha y Hora: 2025-09-15 16:39:34 CLST
Nombre de Diseño: Sin título_1
RDBMS : Oracle Database 21c

		Todas las Sentencias: 		21
		Sentencias Importadas: 	20
		Sentencias Fallidas: 		0
		Sentencias No Reconocidas: 	1

<<<<< No Reconocido >>>>>
BEGIN
  EXECUTE IMMEDIATE 'DROP TABLE ATENCION_EXAMEN CASCADE CONSTRAINTS';
  EXECUTE IMMEDIATE 'DROP TABLE PAGO CASCADE CONSTRAINTS';
  EXECUTE IMMEDIATE 'DROP TABLE ATENCION CASCADE CONSTRAINTS';
  EXECUTE IMMEDIATE 'DROP TABLE EXAMEN CASCADE CONSTRAINTS';
  EXECUTE IMMEDIATE 'DROP TABLE MEDICO CASCADE CONSTRAINTS';
  EXECUTE IMMEDIATE 'DROP TABLE PACIENTE CASCADE CONSTRAINTS';
  EXECUTE IMMEDIATE 'DROP TABLE ESPECIALIDAD CASCADE CONSTRAINTS';
  EXECUTE IMMEDIATE 'DROP TABLE UNIDAD CASCADE CONSTRAINTS';
  EXECUTE IMMEDIATE 'DROP TABLE INSTITUCION_SALUD CASCADE CONSTRAINTS';
  EXECUTE IMMEDIATE 'DROP TABLE AFP CASCADE CONSTRAINTS';
  EXECUTE IMMEDIATE 'DROP TABLE COMUNA CASCADE CONSTRAINTS';
  EXECUTE IMMEDIATE 'DROP TABLE REGION CASCADE CONSTRAINTS';
EXCEPTION
  WHEN OTHERS THEN NULL;
END

